// Jest Snapshot v1, https://goo.gl/fbAQLP

exports[`Testing the Navbar component It should render the Navbar without any errors 1`] = `
<nav
  className="navbar navbar-expand-lg navbar-dark bg-dark fixed-top"
>
  <div
    className="container"
  >
    <a
      className="navbar-brand"
      href="#"
    >
      Start Bootstrap
    </a>
    <button
      aria-controls="navbarResponsive"
      aria-expanded="false"
      aria-label="Toggle navigation"
      className="navbar-toggler"
      data-target="#navbarResponsive"
      data-toggle="collapse"
      type="button"
    >
      <span
        className="navbar-toggler-icon"
      />
    </button>
    <div
      className="collapse navbar-collapse"
      id="navbarResponsive"
    >
      <ul
        className="navbar-nav ml-auto"
      >
        <li
          className="nav-item active"
        >
          <a
            className="nav-link"
            href="#"
          >
            Home
            <span
              className="sr-only"
            >
              (current)
            </span>
          </a>
        </li>
        <li
          className="nav-item"
        >
          <a
            className="nav-link"
            href="#"
          >
            About
          </a>
        </li>
        <li
          className="nav-item"
        >
          <a
            className="nav-link"
            href="#"
          >
            Services
          </a>
        </li>
        <li
          className="nav-item"
        >
          <a
            className="nav-link"
            href="#"
          >
            Contact
          </a>
        </li>
      </ul>
    </div>
  </div>
</nav>
`;
